e7f7fd0ed8db95273f63ac1f987cdc3d182418f504e3a6c19a19d567c5d09ff7  -
e7f7fd0ed8db95273f63ac1f987cdc3d182418f504e3a6c19a19d567c5d09ff7  -
e7f7fd0ed8db95273f63ac1f987cdc3d182418f504e3a6c19a19d567c5d09ff7  -
57058acb41622f7119da2389d96c9345df0523f5f355a83774a9559d9b2e949a  costmodel/gate/m0/20260807T041107Z/wheel/tilefoundry_costmodel-2.0.0-py3-none-any.whl
fbe0f7619b919ce2442b81051a36f84c9bc091d8d0f874475d53f94b21f4a84a  costmodel/gate/m1/20260807T092506Z/wheel/tilefoundry_costmodel-2.0.0-py3-none-any.whl
c0b5bb05d58b67698d6e6e02d4fe4bc08b0a58b42769c9703cd7e3b6dc57e04a  costmodel/gate/m2/20260810T035607Z/wheel/tilefoundry_costmodel-2.0.0-py3-none-any.whl
shasum: ./artifact-files.txt: No such file or directory
shasum: ./cli-final.txt: No such file or directory
shasum: ./cpsat-test-workflow-py311.log: No such file or directory
shasum: ./cpsat-test-workflow-py312.log: No such file or directory
shasum: ./cpsat-workflow-py312.log: No such file or directory
shasum: ./cuda-extra-py311.log: No such file or directory
shasum: ./cuda-extra-py312.log: No such file or directory
shasum: ./cuda-linux-py311-dryrun-report.json: No such file or directory
shasum: ./cuda-linux-py311-dryrun.log: No such file or directory
shasum: ./cuda-linux-py311.log: No such file or directory
shasum: ./cuda-linux-py312-dryrun-report.json: No such file or directory
shasum: ./cuda-linux-py312-dryrun.log: No such file or directory
shasum: ./cuda-linux-py312.log: No such file or directory
shasum: ./dependency-boundary-final.txt: No such file or directory
shasum: ./final-cuda-extra-py311.log: No such file or directory
shasum: ./final-cuda-extra-py312.log: No such file or directory
shasum: ./final-py311-base.log: No such file or directory
shasum: ./final-py311-base.pip-check.txt: No such file or directory
shasum: ./final-py311-base.pip-freeze.txt: No such file or directory
shasum: ./final-py311-cpsat-test.log: No such file or directory
shasum: ./final-py311-cpsat-test.pip-check.txt: No such file or directory
shasum: ./final-py311-cpsat-test.pip-freeze.txt: No such file or directory
shasum: ./final-py311-cpsat.log: No such file or directory
shasum: ./final-py311-cpsat.pip-check.txt: No such file or directory
shasum: ./final-py311-cpsat.pip-freeze.txt: No such file or directory
shasum: ./final-py311-test.log: No such file or directory
shasum: ./final-py311-test.pip-check.txt: No such file or directory
shasum: ./final-py311-test.pip-freeze.txt: No such file or directory
shasum: ./final-py312-base.log: No such file or directory
shasum: ./final-py312-base.pip-check.txt: No such file or directory
shasum: ./final-py312-base.pip-freeze.txt: No such file or directory
shasum: ./final-py312-cpsat-test.log: No such file or directory
shasum: ./final-py312-cpsat-test.pip-check.txt: No such file or directory
shasum: ./final-py312-cpsat-test.pip-freeze.txt: No such file or directory
shasum: ./final-py312-cpsat.log: No such file or directory
shasum: ./final-py312-cpsat.pip-check.txt: No such file or directory
shasum: ./final-py312-cpsat.pip-freeze.txt: No such file or directory
shasum: ./final-py312-test.log: No such file or directory
shasum: ./final-py312-test.pip-check.txt: No such file or directory
shasum: ./final-py312-test.pip-freeze.txt: No such file or directory
shasum: ./formal-gate-checks-final.txt: No such file or directory
shasum: ./formal-gate-checks.txt: No such file or directory
shasum: ./host-gpu-environment.txt: No such file or directory
shasum: ./lazy-import-final.txt: No such file or directory
shasum: ./linux-b200-node14/SHA256SUMS.txt: No such file or directory
shasum: ./linux-b200-node14/cuda-extra-py311.log: No such file or directory
shasum: ./linux-b200-node14/cuda-extra-py312.log: No such file or directory
shasum: ./linux-b200-node14/host-gpu-environment.txt: No such file or directory
shasum: ./linux-b200-node14/py311.pip-check.txt: No such file or directory
shasum: ./linux-b200-node14/py311.pip-freeze.txt: No such file or directory
shasum: ./linux-b200-node14/py312.pip-check.txt: No such file or directory
shasum: ./linux-b200-node14/py312.pip-freeze.txt: No such file or directory
shasum: ./linux-b200-node14/wheel.sha256: No such file or directory
shasum: ./numpy-download.log: No such file or directory
shasum: ./pre-commit-m0.log: No such file or directory
shasum: ./py311-base.log: No such file or directory
shasum: ./py311-base.pip-check.txt: No such file or directory
shasum: ./py311-base.pip-freeze.txt: No such file or directory
shasum: ./py311-cpsat-deps-download.log: No such file or directory
shasum: ./py311-cpsat-download.log: No such file or directory
shasum: ./py311-cpsat-test.pip-check.txt: No such file or directory
shasum: ./py311-cpsat-test.pip-freeze.txt: No such file or directory
shasum: ./py311-cpsat-wheelhouse.txt: No such file or directory
shasum: ./py311-cpsat.log: No such file or directory
shasum: ./py311-cpsat.pip-check.txt: No such file or directory
shasum: ./py311-cpsat.pip-freeze.txt: No such file or directory
shasum: ./py311-test-download.log: No such file or directory
shasum: ./py311-test-wheelhouse.txt: No such file or directory
shasum: ./py311-test.log: No such file or directory
shasum: ./py311-test.pip-check.txt: No such file or directory
shasum: ./py311-test.pip-freeze.txt: No such file or directory
shasum: ./py312-base.log: No such file or directory
shasum: ./py312-base.pip-check.txt: No such file or directory
shasum: ./py312-base.pip-freeze.txt: No such file or directory
shasum: ./py312-cpsat-download.log: No such file or directory
shasum: ./py312-cpsat-test.pip-check.txt: No such file or directory
shasum: ./py312-cpsat-test.pip-freeze.txt: No such file or directory
shasum: ./py312-cpsat-wheelhouse.txt: No such file or directory
shasum: ./py312-cpsat.log: No such file or directory
shasum: ./py312-cpsat.pip-check.txt: No such file or directory
shasum: ./py312-cpsat.pip-freeze.txt: No such file or directory
shasum: ./py312-test-download.log: No such file or directory
shasum: ./py312-test-wheelhouse.txt: No such file or directory
shasum: ./py312-test.log: No such file or directory
shasum: ./py312-test.pip-check.txt: No such file or directory
shasum: ./py312-test.pip-freeze.txt: No such file or directory
shasum: ./python311-provision-uv.log: No such file or directory
shasum: ./python311-provision.log: No such file or directory
shasum: ./python311-uv-bootstrap.log: No such file or directory
shasum: ./schema-meta.log: No such file or directory
shasum: ./static-and-tests-py311.log: No such file or directory
shasum: ./static-and-tests-py312.log: No such file or directory
shasum: ./uv-download.log: No such file or directory
shasum: ./uv-probe.log: No such file or directory
shasum: ./wheel-build-final.log: No such file or directory
shasum: ./wheel-build.log: No such file or directory
shasum: ./wheel-contents.txt: No such file or directory
shasum: ./wheel-metadata.txt: No such file or directory
shasum: ./wheel-schema-boundary-final.txt: No such file or directory
shasum: ./wheel-schema-boundary.log: No such file or directory
shasum: ./wheel.sha256: No such file or directory
shasum: ./wheel/tilefoundry_costmodel-2.0.0-py3-none-any.whl: No such file or directory
shasum: WARNING: 102 listed files could not be read
shasum: WARNING: 1 computed checksum did NOT match
