== py311 interpreter ==
Python 3.11.15 (main, May 10 2026, 19:28:18) [Clang 22.1.3 ]
Using CPython 3.11.15 interpreter at: .local/share/uv/python/cpython-3.11.15-linux-x86_64-gnu/bin/python3.11
Creating virtual environment with seed packages at: /tmp/tilefoundry-costmodel-m0-node14/py311-venv
 + packaging==26.3
 + pip==26.2.1
 + setuptools==83.0.0
 + wheel==0.47.0
Activate with: source /tmp/tilefoundry-costmodel-m0-node14/py311-venv/bin/activate
pip 26.2.1 from /tmp/tilefoundry-costmodel-m0-node14/py311-venv/lib/python3.11/site-packages/pip (python 3.11)
== install exact wheel[cuda] ==
Processing ./workspace/TileFoundry/costmodel/gate/m0/20260807T041107Z/wheel/tilefoundry_costmodel-2.0.0-py3-none-any.whl (from tilefoundry-costmodel==2.0.0)
Collecting cuda-python<13,>=12.8 (from tilefoundry-costmodel==2.0.0->tilefoundry-costmodel==2.0.0)
  Using cached cuda_python-12.9.7-py3-none-any.whl.metadata (4.7 kB)
Collecting cuda-bindings~=12.9.7 (from cuda-python<13,>=12.8->tilefoundry-costmodel==2.0.0->tilefoundry-costmodel==2.0.0)
  Using cached cuda_bindings-12.9.7-cp311-cp311-manylinux_2_24_x86_64.manylinux_2_28_x86_64.whl.metadata (2.6 kB)
Collecting cuda-pathfinder~=1.1 (from cuda-bindings~=12.9.7->cuda-python<13,>=12.8->tilefoundry-costmodel==2.0.0->tilefoundry-costmodel==2.0.0)
  Using cached cuda_pathfinder-1.6.0-py3-none-any.whl.metadata (1.9 kB)
Using cached cuda_python-12.9.7-py3-none-any.whl (7.6 kB)
Using cached cuda_bindings-12.9.7-cp311-cp311-manylinux_2_24_x86_64.manylinux_2_28_x86_64.whl (7.6 MB)
Using cached cuda_pathfinder-1.6.0-py3-none-any.whl (54 kB)
Installing collected packages: tilefoundry-costmodel, cuda-pathfinder, cuda-bindings, cuda-python

Successfully installed cuda-bindings-12.9.7 cuda-pathfinder-1.6.0 cuda-python-12.9.7 tilefoundry-costmodel-2.0.0
== pip check/freeze ==
No broken requirements found.
== root lazy-import boundary ==
preloaded by cuda-pathfinder: ['cuda']
new optional modules loaded by package root: []
root lazy import: OK
2.0.0
== CUDA driver/device visibility ==
cuInit: <CUresult.CUDA_SUCCESS: 0>
cuDeviceGetCount: <CUresult.CUDA_SUCCESS: 0> 8
device[0]=NVIDIA B200
device[1]=NVIDIA B200
device[2]=NVIDIA B200
device[3]=NVIDIA B200
device[4]=NVIDIA B200
device[5]=NVIDIA B200
device[6]=NVIDIA B200
device[7]=NVIDIA B200
cuda-python: 12.9.7
cuda-bindings: 12.9.7
CUDA driver/device smoke: OK
