Python 3.12.13
Processing ./costmodel/gate/m1/20260807T092506Z/wheel/tilefoundry_costmodel-2.0.0-py3-none-any.whl
Installing collected packages: tilefoundry-costmodel
Successfully installed tilefoundry-costmodel-2.0.0
No broken requirements found.
pip==26.1.2
tilefoundry-costmodel @ file:///Users/mi/Desktop/b200_workspace/TileFoundry/costmodel/gate/m1/20260807T092506Z/wheel/tilefoundry_costmodel-2.0.0-py3-none-any.whl#sha256=fbe0f7619b919ce2442b81051a36f84c9bc091d8d0f874475d53f94b21f4a84a
root=/Users/mi/Desktop/b200_workspace/TileFoundry/costmodel/gate/m1/20260807T092506Z/local/py312-base/lib/python3.12/site-packages/tilefoundry_costmodel/__init__.py
version=2.0.0
new_optional_or_legacy_modules=[]
2.0.0
usage: tilefoundry-costmodel [-h] [--version]
                             {build,solve,search,profile,profiles} ...

TileFoundry B200 cost model

positional arguments:
  {build,solve,search,profile,profiles}
    build               build a replayable search problem
    solve               solve a replayable search problem
    search              build and solve a request
    profile             measure missing profiles on a local B200
    profiles            inspect profile snapshots

options:
  -h, --help            show this help message and exit
  --version             show program's version number and exit
