python=/opt/homebrew/bin/python3.12
Python 3.12.13
Processing ./costmodel/gate/m0/20260807T041107Z/wheel/tilefoundry_costmodel-2.0.0-py3-none-any.whl
Installing collected packages: tilefoundry-costmodel
Successfully installed tilefoundry-costmodel-2.0.0
--- pip check ---
No broken requirements found.
--- pip freeze ---
tilefoundry-costmodel @ file:///Users/mi/Desktop/b200_workspace/TileFoundry/costmodel/gate/m0/20260807T041107Z/wheel/tilefoundry_costmodel-2.0.0-py3-none-any.whl#sha256=b16d10655364cd2ed81f6f56806c305893f98e5912ba8a7bffafd42b6023563a
--- root/lazy import ---
2.0.0 lazy-import-ok
--- cli ---
2.0.0
usage: tilefoundry-costmodel [-h] [--version]
                             {build,solve,search,profile,profiles} ...

TileFoundry B200 cost model

positional arguments:
  {build,solve,search,profile,profiles}
    build               build a replayable search problem
    solve               solve a replayable search problem
    search              build and solve a request
    profile             measure missing profiles on a local B200
    profiles            inspect profile snapshots

options:
  -h, --help            show this help message and exit
  --version             show program's version number and exit
