Collecting ortools<10,>=9.15
  Using cached ortools-9.15.6755-cp312-cp312-macosx_11_0_arm64.whl.metadata (3.3 kB)
Collecting absl-py>=2.0.0 (from ortools<10,>=9.15)
  Using cached absl_py-2.5.0-py3-none-any.whl.metadata (3.3 kB)
Collecting numpy>=2.0.2 (from ortools<10,>=9.15)
  Using cached numpy-2.5.1-cp312-cp312-macosx_14_0_arm64.whl.metadata (6.6 kB)
Collecting pandas>=2.0.0 (from ortools<10,>=9.15)
  Using cached pandas-3.0.5-cp312-cp312-macosx_11_0_arm64.whl.metadata (79 kB)
Collecting protobuf<6.34,>=6.33.1 (from ortools<10,>=9.15)
  Using cached protobuf-6.33.6-cp39-abi3-macosx_10_9_universal2.whl.metadata (593 bytes)
Collecting typing-extensions>=4.12 (from ortools<10,>=9.15)
  Using cached typing_extensions-4.16.0-py3-none-any.whl.metadata (3.3 kB)
Collecting immutabledict>=3.0.0 (from ortools<10,>=9.15)
  Using cached immutabledict-4.3.1-py3-none-any.whl.metadata (3.5 kB)
Collecting python-dateutil>=2.8.2 (from pandas>=2.0.0->ortools<10,>=9.15)
  Using cached python_dateutil-2.9.0.post0-py2.py3-none-any.whl.metadata (8.4 kB)
Collecting six>=1.5 (from python-dateutil>=2.8.2->pandas>=2.0.0->ortools<10,>=9.15)
  Using cached six-1.17.0-py2.py3-none-any.whl.metadata (1.7 kB)
Using cached ortools-9.15.6755-cp312-cp312-macosx_11_0_arm64.whl (21.9 MB)
Using cached protobuf-6.33.6-cp39-abi3-macosx_10_9_universal2.whl (427 kB)
Using cached absl_py-2.5.0-py3-none-any.whl (137 kB)
Using cached immutabledict-4.3.1-py3-none-any.whl (5.0 kB)
Using cached numpy-2.5.1-cp312-cp312-macosx_14_0_arm64.whl (5.3 MB)
Using cached pandas-3.0.5-cp312-cp312-macosx_11_0_arm64.whl (10.0 MB)
Using cached python_dateutil-2.9.0.post0-py2.py3-none-any.whl (229 kB)
Using cached six-1.17.0-py2.py3-none-any.whl (11 kB)
Using cached typing_extensions-4.16.0-py3-none-any.whl (45 kB)
Saved /private/tmp/tilefoundry-m0-wheelhouse-py312-cpsat/ortools-9.15.6755-cp312-cp312-macosx_11_0_arm64.whl
Saved /private/tmp/tilefoundry-m0-wheelhouse-py312-cpsat/protobuf-6.33.6-cp39-abi3-macosx_10_9_universal2.whl
Saved /private/tmp/tilefoundry-m0-wheelhouse-py312-cpsat/absl_py-2.5.0-py3-none-any.whl
Saved /private/tmp/tilefoundry-m0-wheelhouse-py312-cpsat/immutabledict-4.3.1-py3-none-any.whl
Saved /private/tmp/tilefoundry-m0-wheelhouse-py312-cpsat/numpy-2.5.1-cp312-cp312-macosx_14_0_arm64.whl
Saved /private/tmp/tilefoundry-m0-wheelhouse-py312-cpsat/pandas-3.0.5-cp312-cp312-macosx_11_0_arm64.whl
Saved /private/tmp/tilefoundry-m0-wheelhouse-py312-cpsat/python_dateutil-2.9.0.post0-py2.py3-none-any.whl
Saved /private/tmp/tilefoundry-m0-wheelhouse-py312-cpsat/six-1.17.0-py2.py3-none-any.whl
Saved /private/tmp/tilefoundry-m0-wheelhouse-py312-cpsat/typing_extensions-4.16.0-py3-none-any.whl
Successfully downloaded ortools protobuf absl-py immutabledict numpy pandas python-dateutil six typing-extensions
