Warning: The following taps are not trusted:
  mutagen-io/mutagen

Homebrew is currently ignoring formulae, casks and commands from these taps because tap trust is required.
Prefer trusting only the specific formulae, casks or commands you need.
Trust installed formulae from these taps with:
  brew trust --formula mutagen-io/mutagen/mutagen
Trust other specific casks and commands with:
  brew trust --cask <user>/<tap>/<cask>
  brew trust --command <user>/<tap>/<command>
Whole-tap trust is broader and includes all current and future formulae,
casks and commands from the listed taps. Trust whole taps with:
  brew trust mutagen-io/mutagen
Untap them with:
  brew untap mutagen-io/mutagen
To disable trust checks:
  export HOMEBREW_NO_REQUIRE_TAP_TRUST=1
This is not recommended and will be removed in a later release.
For more information, see:
  https://docs.brew.sh/Tap-Trust
==> Would install 1 formula:
python@3.11
==> Downloading https://ghcr.io/v2/homebrew/core/python/3.11/manifests/3.11.15_4-1
==> Would upgrade 3 dependencies for python@3.11:
ca-certificates
openssl@3
sqlite
==> Fetching downloads for: python@3.11
✔︎ Bottle openssl@3 (3.6.3)
✔︎ Bottle Manifest ca-certificates (2026-07-16)
✔︎ Bottle Manifest sqlite (3.53.4)
✔︎ Bottle ca-certificates (2026-07-16)
✔︎ Bottle sqlite (3.53.4)
✔︎ Bottle python@3.11 (3.11.15_4)
==> Installing dependencies for python@3.11: ca-certificates and openssl@3
==> Installing python@3.11 dependency: ca-certificates
Error: Cannot link ca-certificates
Another version is already linked: /opt/homebrew/Cellar/ca-certificates/2026-07-16
==> Pouring ca-certificates--2026-07-16.all.bottle.2.tar.gz
