Warning: Permanently added '[192.168.80.116]:12345' (ED25519) to the list of known hosts.
75230665638482ce8cffadda9f392c10d48615733feef894dc5ec08e53a984a2  /tmp/tilefoundry_costmodel-2.0.0-py3-none-any.whl
name, compute_cap, driver_version, uuid
NVIDIA B200, 10.0, 590.48.01, GPU-a4b4fc91-7347-839a-dd09-b1f0818ef5ad
NVIDIA B200, 10.0, 590.48.01, GPU-1b174534-ebba-826f-b452-8e7f3c05c301
NVIDIA B200, 10.0, 590.48.01, GPU-ade4492d-f119-ca40-f613-13058a658f63
NVIDIA B200, 10.0, 590.48.01, GPU-b0da5a7e-8dcf-e7dd-9836-a29a45d01b45
NVIDIA B200, 10.0, 590.48.01, GPU-427d2866-8615-6524-b2db-2333b40b0c5e
NVIDIA B200, 10.0, 590.48.01, GPU-81c2e3a2-685d-59a9-e801-7e068fffc377
NVIDIA B200, 10.0, 590.48.01, GPU-a832d9c1-260f-9e37-0c99-95e62ab16ca5
NVIDIA B200, 10.0, 590.48.01, GPU-80cebbaf-a106-2605-b902-f5f9a08645ea
Processing /tmp/tilefoundry_costmodel-2.0.0-py3-none-any.whl (from tilefoundry-costmodel==2.0.0)
Collecting cuda-python<13,>=12.8 (from tilefoundry-costmodel==2.0.0->tilefoundry-costmodel==2.0.0)
  Using cached cuda_python-12.9.7-py3-none-any.whl.metadata (4.7 kB)
Collecting jsonschema<5,>=4.23 (from tilefoundry-costmodel==2.0.0->tilefoundry-costmodel==2.0.0)
  Using cached jsonschema-4.26.0-py3-none-any.whl.metadata (7.6 kB)
Collecting mypy<2,>=1.15 (from tilefoundry-costmodel==2.0.0->tilefoundry-costmodel==2.0.0)
  Using cached mypy-1.20.2-cp312-cp312-manylinux2014_x86_64.manylinux_2_17_x86_64.manylinux_2_28_x86_64.whl.metadata (2.4 kB)
Collecting pytest<10,>=8 (from tilefoundry-costmodel==2.0.0->tilefoundry-costmodel==2.0.0)
  Using cached pytest-9.1.1-py3-none-any.whl.metadata (7.6 kB)
Collecting pytest-cov<8,>=6 (from tilefoundry-costmodel==2.0.0->tilefoundry-costmodel==2.0.0)
  Using cached pytest_cov-7.1.0-py3-none-any.whl.metadata (32 kB)
Collecting ruff<1,>=0.11 (from tilefoundry-costmodel==2.0.0->tilefoundry-costmodel==2.0.0)
  Using cached ruff-0.16.2-py3-none-manylinux_2_17_x86_64.manylinux2014_x86_64.whl.metadata (26 kB)
Collecting cuda-bindings~=12.9.7 (from cuda-python<13,>=12.8->tilefoundry-costmodel==2.0.0->tilefoundry-costmodel==2.0.0)
  Using cached cuda_bindings-12.9.7-cp312-cp312-manylinux_2_24_x86_64.manylinux_2_28_x86_64.whl.metadata (2.6 kB)
Collecting attrs>=22.2.0 (from jsonschema<5,>=4.23->tilefoundry-costmodel==2.0.0->tilefoundry-costmodel==2.0.0)
  Using cached attrs-26.1.0-py3-none-any.whl.metadata (8.8 kB)
Collecting jsonschema-specifications>=2023.03.6 (from jsonschema<5,>=4.23->tilefoundry-costmodel==2.0.0->tilefoundry-costmodel==2.0.0)
  Using cached jsonschema_specifications-2025.9.1-py3-none-any.whl.metadata (2.9 kB)
Collecting referencing>=0.28.4 (from jsonschema<5,>=4.23->tilefoundry-costmodel==2.0.0->tilefoundry-costmodel==2.0.0)
  Using cached referencing-0.37.0-py3-none-any.whl.metadata (2.8 kB)
Collecting rpds-py>=0.25.0 (from jsonschema<5,>=4.23->tilefoundry-costmodel==2.0.0->tilefoundry-costmodel==2.0.0)
  Using cached rpds_py-2026.6.3-cp312-cp312-manylinux_2_17_x86_64.manylinux2014_x86_64.whl.metadata (4.1 kB)
Collecting typing_extensions>=4.6.0 (from mypy<2,>=1.15->tilefoundry-costmodel==2.0.0->tilefoundry-costmodel==2.0.0)
  Using cached typing_extensions-4.16.0-py3-none-any.whl.metadata (3.3 kB)
Collecting mypy_extensions>=1.0.0 (from mypy<2,>=1.15->tilefoundry-costmodel==2.0.0->tilefoundry-costmodel==2.0.0)
  Using cached mypy_extensions-1.1.0-py3-none-any.whl.metadata (1.1 kB)
Collecting pathspec>=1.0.0 (from mypy<2,>=1.15->tilefoundry-costmodel==2.0.0->tilefoundry-costmodel==2.0.0)
  Using cached pathspec-1.1.1-py3-none-any.whl.metadata (14 kB)
Collecting librt>=0.8.0 (from mypy<2,>=1.15->tilefoundry-costmodel==2.0.0->tilefoundry-costmodel==2.0.0)
  Using cached librt-0.15.0-cp312-cp312-manylinux2014_x86_64.manylinux_2_17_x86_64.manylinux_2_28_x86_64.whl.metadata (1.3 kB)
Collecting iniconfig>=1.0.1 (from pytest<10,>=8->tilefoundry-costmodel==2.0.0->tilefoundry-costmodel==2.0.0)
  Using cached iniconfig-2.3.0-py3-none-any.whl.metadata (2.5 kB)
Collecting packaging>=22 (from pytest<10,>=8->tilefoundry-costmodel==2.0.0->tilefoundry-costmodel==2.0.0)
  Using cached packaging-26.3-py3-none-any.whl.metadata (3.5 kB)
Collecting pluggy<2,>=1.5 (from pytest<10,>=8->tilefoundry-costmodel==2.0.0->tilefoundry-costmodel==2.0.0)
  Using cached pluggy-1.6.0-py3-none-any.whl.metadata (4.8 kB)
Collecting pygments>=2.7.2 (from pytest<10,>=8->tilefoundry-costmodel==2.0.0->tilefoundry-costmodel==2.0.0)
  Using cached pygments-2.20.0-py3-none-any.whl.metadata (2.5 kB)
Collecting coverage>=7.10.6 (from coverage[toml]>=7.10.6->pytest-cov<8,>=6->tilefoundry-costmodel==2.0.0->tilefoundry-costmodel==2.0.0)
  Using cached coverage-7.15.4-cp312-cp312-manylinux1_x86_64.manylinux_2_28_x86_64.manylinux_2_5_x86_64.whl.metadata (8.6 kB)
Collecting cuda-pathfinder~=1.1 (from cuda-bindings~=12.9.7->cuda-python<13,>=12.8->tilefoundry-costmodel==2.0.0->tilefoundry-costmodel==2.0.0)
  Using cached cuda_pathfinder-1.6.0-py3-none-any.whl.metadata (1.9 kB)
Using cached cuda_python-12.9.7-py3-none-any.whl (7.6 kB)
Using cached jsonschema-4.26.0-py3-none-any.whl (90 kB)
Using cached mypy-1.20.2-cp312-cp312-manylinux2014_x86_64.manylinux_2_17_x86_64.manylinux_2_28_x86_64.whl (14.7 MB)
Using cached pytest-9.1.1-py3-none-any.whl (386 kB)
Using cached pytest_cov-7.1.0-py3-none-any.whl (22 kB)
Using cached ruff-0.16.2-py3-none-manylinux_2_17_x86_64.manylinux2014_x86_64.whl (11.5 MB)
Using cached attrs-26.1.0-py3-none-any.whl (67 kB)
Using cached coverage-7.15.4-cp312-cp312-manylinux1_x86_64.manylinux_2_28_x86_64.manylinux_2_5_x86_64.whl (257 kB)
Using cached cuda_bindings-12.9.7-cp312-cp312-manylinux_2_24_x86_64.manylinux_2_28_x86_64.whl (7.6 MB)
Using cached iniconfig-2.3.0-py3-none-any.whl (7.5 kB)
Using cached jsonschema_specifications-2025.9.1-py3-none-any.whl (18 kB)
Using cached librt-0.15.0-cp312-cp312-manylinux2014_x86_64.manylinux_2_17_x86_64.manylinux_2_28_x86_64.whl (531 kB)
Using cached mypy_extensions-1.1.0-py3-none-any.whl (5.0 kB)
Using cached packaging-26.3-py3-none-any.whl (129 kB)
Using cached pathspec-1.1.1-py3-none-any.whl (57 kB)
Using cached pluggy-1.6.0-py3-none-any.whl (20 kB)
Using cached pygments-2.20.0-py3-none-any.whl (1.2 MB)
Using cached referencing-0.37.0-py3-none-any.whl (26 kB)
Using cached rpds_py-2026.6.3-cp312-cp312-manylinux_2_17_x86_64.manylinux2014_x86_64.whl (366 kB)
Using cached typing_extensions-4.16.0-py3-none-any.whl (45 kB)
Using cached cuda_pathfinder-1.6.0-py3-none-any.whl (54 kB)
Installing collected packages: typing_extensions, tilefoundry-costmodel, ruff, rpds-py, pygments, pluggy, pathspec, packaging, mypy_extensions, librt, iniconfig, cuda-pathfinder, coverage, attrs, referencing, pytest, mypy, cuda-bindings, pytest-cov, jsonschema-specifications, cuda-python, jsonschema
Successfully installed attrs-26.1.0 coverage-7.15.4 cuda-bindings-12.9.7 cuda-pathfinder-1.6.0 cuda-python-12.9.7 iniconfig-2.3.0 jsonschema-4.26.0 jsonschema-specifications-2025.9.1 librt-0.15.0 mypy-1.20.2 mypy_extensions-1.1.0 packaging-26.3 pathspec-1.1.1 pluggy-1.6.0 pygments-2.20.0 pytest-9.1.1 pytest-cov-7.1.0 referencing-0.37.0 rpds-py-2026.6.3 ruff-0.16.2 tilefoundry-costmodel-2.0.0 typing_extensions-4.16.0
No broken requirements found.
attrs==26.1.0
coverage==7.15.4
cuda-bindings==12.9.7
cuda-pathfinder==1.6.0
cuda-python==12.9.7
iniconfig==2.3.0
jsonschema==4.26.0
jsonschema-specifications==2025.9.1
librt==0.15.0
mypy==1.20.2
mypy_extensions==1.1.0
packaging==26.3
pathspec==1.1.1
pip==24.0
pluggy==1.6.0
Pygments==2.20.0
pytest==9.1.1
pytest-cov==7.1.0
referencing==0.37.0
rpds-py==2026.6.3
ruff==0.16.2
tilefoundry-costmodel @ file:///tmp/tilefoundry_costmodel-2.0.0-py3-none-any.whl#sha256=75230665638482ce8cffadda9f392c10d48615733feef894dc5ec08e53a984a2
typing_extensions==4.16.0
None
/tmp/tilefoundry-m3-final-wheel-py312.uQyPeT/lib/python3.12/site-packages/tilefoundry_costmodel/__init__.py
root-lazy-boundary=PASS
============================= test session starts ==============================
platform linux -- Python 3.12.3, pytest-9.1.1, pluggy-1.6.0
rootdir: /tmp/tilefoundry-m3-final-wheel-tests-py312.WdSxKM
plugins: cov-7.1.0
collected 86 items

tests/test_api.py .....................                                  [ 24%]
tests/test_configuration_builder.py ....                                 [ 29%]
tests/test_cuda_profiler.py ......                                       [ 36%]
tests/test_hardware.py ....                                              [ 40%]
tests/test_profile_resolver.py ....                                      [ 45%]
tests/test_profile_schema.py ..                                          [ 47%]
tests/test_profile_store.py ........                                     [ 56%]
tests/test_profiles_cli.py .                                             [ 58%]
tests/test_program.py ..........                                         [ 69%]
tests/test_solver.py ....s.s.ssss                                        [ 83%]
tests/test_tileop.py ..............                                      [100%]

================================ tests coverage ================================
_______________ coverage: platform linux, python 3.12.3-final-0 ________________

Name                                                                                                                               Stmts   Miss Branch BrPart  Cover
--------------------------------------------------------------------------------------------------------------------------------------------------------------------
/tmp/tilefoundry-m3-final-wheel-py312.uQyPeT/lib/python3.12/site-packages/tilefoundry_costmodel/__init__.py                           21      2      0      0    90%
/tmp/tilefoundry-m3-final-wheel-py312.uQyPeT/lib/python3.12/site-packages/tilefoundry_costmodel/__main__.py                            1      1      0      0     0%
/tmp/tilefoundry-m3-final-wheel-py312.uQyPeT/lib/python3.12/site-packages/tilefoundry_costmodel/_immutable.py                         52     52     22      0     0%
/tmp/tilefoundry-m3-final-wheel-py312.uQyPeT/lib/python3.12/site-packages/tilefoundry_costmodel/_serialization.py                    617    199    162     34    65%
/tmp/tilefoundry-m3-final-wheel-py312.uQyPeT/lib/python3.12/site-packages/tilefoundry_costmodel/api.py                                35     19      4      0    41%
/tmp/tilefoundry-m3-final-wheel-py312.uQyPeT/lib/python3.12/site-packages/tilefoundry_costmodel/build.py                             344     73    168     47    76%
/tmp/tilefoundry-m3-final-wheel-py312.uQyPeT/lib/python3.12/site-packages/tilefoundry_costmodel/cli.py                               170     43     48     12    70%
/tmp/tilefoundry-m3-final-wheel-py312.uQyPeT/lib/python3.12/site-packages/tilefoundry_costmodel/constants.py                          10      0      0      0   100%
/tmp/tilefoundry-m3-final-wheel-py312.uQyPeT/lib/python3.12/site-packages/tilefoundry_costmodel/errors.py                             22      0      2      1    96%
/tmp/tilefoundry-m3-final-wheel-py312.uQyPeT/lib/python3.12/site-packages/tilefoundry_costmodel/hardware/__init__.py                   6      0      0      0   100%
/tmp/tilefoundry-m3-final-wheel-py312.uQyPeT/lib/python3.12/site-packages/tilefoundry_costmodel/hardware/b200.py                      44      0      0      0   100%
/tmp/tilefoundry-m3-final-wheel-py312.uQyPeT/lib/python3.12/site-packages/tilefoundry_costmodel/hardware/model.py                    194     40     76     27    75%
/tmp/tilefoundry-m3-final-wheel-py312.uQyPeT/lib/python3.12/site-packages/tilefoundry_costmodel/hardware/registry.py                  35      5     12      3    83%
/tmp/tilefoundry-m3-final-wheel-py312.uQyPeT/lib/python3.12/site-packages/tilefoundry_costmodel/implementations/__init__.py            8      0      0      0   100%
/tmp/tilefoundry-m3-final-wheel-py312.uQyPeT/lib/python3.12/site-packages/tilefoundry_costmodel/implementations/b200/__init__.py       2      0      0      0   100%
/tmp/tilefoundry-m3-final-wheel-py312.uQyPeT/lib/python3.12/site-packages/tilefoundry_costmodel/implementations/b200/copy.py         127     14     40     13    84%
/tmp/tilefoundry-m3-final-wheel-py312.uQyPeT/lib/python3.12/site-packages/tilefoundry_costmodel/implementations/base.py               37      7     14      5    76%
/tmp/tilefoundry-m3-final-wheel-py312.uQyPeT/lib/python3.12/site-packages/tilefoundry_costmodel/implementations/registry.py           82     16     38     12    77%
/tmp/tilefoundry-m3-final-wheel-py312.uQyPeT/lib/python3.12/site-packages/tilefoundry_costmodel/implementations/synthetic.py         161     17     52      9    88%
/tmp/tilefoundry-m3-final-wheel-py312.uQyPeT/lib/python3.12/site-packages/tilefoundry_costmodel/language.py                           24      2      0      0    92%
/tmp/tilefoundry-m3-final-wheel-py312.uQyPeT/lib/python3.12/site-packages/tilefoundry_costmodel/legacy/__init__.py                     6      0      0      0   100%
/tmp/tilefoundry-m3-final-wheel-py312.uQyPeT/lib/python3.12/site-packages/tilefoundry_costmodel/legacy/cpsat_solver.py               187    160     92      3    11%
/tmp/tilefoundry-m3-final-wheel-py312.uQyPeT/lib/python3.12/site-packages/tilefoundry_costmodel/legacy/list_solver.py                141      7     60     11    91%
/tmp/tilefoundry-m3-final-wheel-py312.uQyPeT/lib/python3.12/site-packages/tilefoundry_costmodel/legacy/model.py                       96      7     22      7    88%
/tmp/tilefoundry-m3-final-wheel-py312.uQyPeT/lib/python3.12/site-packages/tilefoundry_costmodel/legacy/solver.py                       2      2      0      0     0%
/tmp/tilefoundry-m3-final-wheel-py312.uQyPeT/lib/python3.12/site-packages/tilefoundry_costmodel/model.py                             233     50     50     17    73%
/tmp/tilefoundry-m3-final-wheel-py312.uQyPeT/lib/python3.12/site-packages/tilefoundry_costmodel/profiler/__init__.py                   2      0      0      0   100%
/tmp/tilefoundry-m3-final-wheel-py312.uQyPeT/lib/python3.12/site-packages/tilefoundry_costmodel/profiler/base.py                     281     66    116     51    70%
/tmp/tilefoundry-m3-final-wheel-py312.uQyPeT/lib/python3.12/site-packages/tilefoundry_costmodel/profiler/cuda/__init__.py              2      0      0      0   100%
/tmp/tilefoundry-m3-final-wheel-py312.uQyPeT/lib/python3.12/site-packages/tilefoundry_costmodel/profiler/cuda/runner.py              281     44     80     26    81%
/tmp/tilefoundry-m3-final-wheel-py312.uQyPeT/lib/python3.12/site-packages/tilefoundry_costmodel/profiles/__init__.py                  17     13      8      0    16%
/tmp/tilefoundry-m3-final-wheel-py312.uQyPeT/lib/python3.12/site-packages/tilefoundry_costmodel/profiles/model.py                    236     42     98     36    76%
/tmp/tilefoundry-m3-final-wheel-py312.uQyPeT/lib/python3.12/site-packages/tilefoundry_costmodel/profiles/resolver.py                 163     34     78     25    75%
/tmp/tilefoundry-m3-final-wheel-py312.uQyPeT/lib/python3.12/site-packages/tilefoundry_costmodel/profiles/schema.py                     3      3      0      0     0%
/tmp/tilefoundry-m3-final-wheel-py312.uQyPeT/lib/python3.12/site-packages/tilefoundry_costmodel/profiles/store.py                    548    135    208     66    71%
/tmp/tilefoundry-m3-final-wheel-py312.uQyPeT/lib/python3.12/site-packages/tilefoundry_costmodel/profiles/types.py                     31      4      8      2    85%
/tmp/tilefoundry-m3-final-wheel-py312.uQyPeT/lib/python3.12/site-packages/tilefoundry_costmodel/program.py                           589     73    240     60    83%
/tmp/tilefoundry-m3-final-wheel-py312.uQyPeT/lib/python3.12/site-packages/tilefoundry_costmodel/request.py                           230     40     96     31    78%
/tmp/tilefoundry-m3-final-wheel-py312.uQyPeT/lib/python3.12/site-packages/tilefoundry_costmodel/result.py                            338    137    112     10    48%
/tmp/tilefoundry-m3-final-wheel-py312.uQyPeT/lib/python3.12/site-packages/tilefoundry_costmodel/schema.py                              3      3      0      0     0%
/tmp/tilefoundry-m3-final-wheel-py312.uQyPeT/lib/python3.12/site-packages/tilefoundry_costmodel/search_space.py                        2      2      0      0     0%
/tmp/tilefoundry-m3-final-wheel-py312.uQyPeT/lib/python3.12/site-packages/tilefoundry_costmodel/solver/__init__.py                     2      0      0      0   100%
/tmp/tilefoundry-m3-final-wheel-py312.uQyPeT/lib/python3.12/site-packages/tilefoundry_costmodel/solver/model.py                      268     92     80     24    58%
/tmp/tilefoundry-m3-final-wheel-py312.uQyPeT/lib/python3.12/site-packages/tilefoundry_costmodel/tileop.py                            604     98    268     94    78%
/tmp/tilefoundry-m3-final-wheel-py312.uQyPeT/lib/python3.12/site-packages/tilefoundry_costmodel/workloads/__init__.py                  2      0      0      0   100%
/tmp/tilefoundry-m3-final-wheel-py312.uQyPeT/lib/python3.12/site-packages/tilefoundry_costmodel/workloads/base.py                     50      7     14      4    83%
/tmp/tilefoundry-m3-final-wheel-py312.uQyPeT/lib/python3.12/site-packages/tilefoundry_costmodel/workloads/model.py                     2      2      0      0     0%
--------------------------------------------------------------------------------------------------------------------------------------------------------------------
TOTAL                                                                                                                               6311   1511   2268    630    71%
======================== 80 passed, 6 skipped in 10.76s ========================
VENV=/tmp/tilefoundry-m3-final-wheel-py312.uQyPeT
WORK=/tmp/tilefoundry-m3-final-wheel-tests-py312.WdSxKM
