costmodel/src/tilefoundry_costmodel/implementations/__init__.py:21:def b200_implementation_catalog() -> ImplementationCatalog:
costmodel/src/tilefoundry_costmodel/implementations/__init__.py:24:    return ImplementationCatalog((b200_copy_implementation(),))
costmodel/pyproject.toml:11:dependencies = []
costmodel/src/tilefoundry_costmodel/api.py:62:    raise UnsupportedError("public profile-resolving build is scheduled for M4")
costmodel/src/tilefoundry_costmodel/api.py:71:    raise UnsupportedError("cost-model solve is scheduled for M4")
556:### Milestone M4: Implement Build And CP-SAT
590:- [ ] step 4.1 Implement timed `Phase`, `Configuration`, and `SearchProblem`
593:- [ ] step 4.2 Implement public `build` in the exact validation/enumeration/
596:- [ ] step 4.3 Implement finite CP-SAT interval variables, upward-rounded delays,
600:- [ ] step 4.4 Implement fixed-II periodic lower/upper bounds, integer
603:- [ ] step 4.5 Compose multiple long loop regions through explicit endpoint
607:- [ ] step 4.6 Implement `SearchCoordinator` candidate budgets, outer deadline,
610:- [ ] step 4.7 Implement public `solve`, `evaluate`, problem/result/plan JSON,
612:- [ ] step 4.8 Retain hand-computable workflows for independent TMA/Tensor/CUDA
617:- [ ] AC-4-1: `SearchProblem` export/import reproduces the same solve without
619:- [ ] AC-4-2: TMA, Tensor Core, and CUDA Core intervals overlap exactly when
621:- [ ] AC-4-3: No selected schedule exceeds temporal capacity, static capacity,
624:- [ ] AC-4-4: Increasing depth allocates corresponding static bytes and never
626:- [ ] AC-4-5: Periodic and exact finite schedules agree on retained small-loop
628:- [ ] AC-4-6: Global search selects the minimum legal solved end-to-end result
631:- [ ] AC-4-7: Repeated deterministic complete solve produces byte-identical
633:- [ ] AC-4-8: Exact finite relation expansion and periodic boundary handling
