./README.md: OK
./artifact-files.txt: OK
./cli-final.txt: OK
./cpsat-test-workflow-py311.log: OK
./cpsat-test-workflow-py312.log: OK
./cpsat-workflow-py312.log: OK
./cuda-extra-py311.log: OK
./cuda-extra-py312.log: OK
./cuda-linux-py311-dryrun-report.json: OK
./cuda-linux-py311-dryrun.log: OK
./cuda-linux-py311.log: OK
./cuda-linux-py312-dryrun-report.json: OK
./cuda-linux-py312-dryrun.log: OK
./cuda-linux-py312.log: OK
./dependency-boundary-final.txt: OK
./final-cuda-extra-py311.log: OK
./final-cuda-extra-py312.log: OK
./final-py311-base.log: OK
./final-py311-base.pip-check.txt: OK
./final-py311-base.pip-freeze.txt: OK
./final-py311-cpsat-test.log: OK
./final-py311-cpsat-test.pip-check.txt: OK
./final-py311-cpsat-test.pip-freeze.txt: OK
./final-py311-cpsat.log: OK
./final-py311-cpsat.pip-check.txt: OK
./final-py311-cpsat.pip-freeze.txt: OK
./final-py311-test.log: OK
./final-py311-test.pip-check.txt: OK
./final-py311-test.pip-freeze.txt: OK
./final-py312-base.log: OK
./final-py312-base.pip-check.txt: OK
./final-py312-base.pip-freeze.txt: OK
./final-py312-cpsat-test.log: OK
./final-py312-cpsat-test.pip-check.txt: OK
./final-py312-cpsat-test.pip-freeze.txt: OK
./final-py312-cpsat.log: OK
./final-py312-cpsat.pip-check.txt: OK
./final-py312-cpsat.pip-freeze.txt: OK
./final-py312-test.log: OK
./final-py312-test.pip-check.txt: OK
./final-py312-test.pip-freeze.txt: OK
./formal-gate-checks-final.txt: OK
./formal-gate-checks.txt: OK
./host-gpu-environment.txt: OK
./lazy-import-final.txt: OK
./linux-b200-node14/SHA256SUMS.txt: OK
./linux-b200-node14/cuda-extra-py311.log: OK
./linux-b200-node14/cuda-extra-py312.log: OK
./linux-b200-node14/host-gpu-environment.txt: OK
./linux-b200-node14/py311.pip-check.txt: OK
./linux-b200-node14/py311.pip-freeze.txt: OK
./linux-b200-node14/py312.pip-check.txt: OK
./linux-b200-node14/py312.pip-freeze.txt: OK
./linux-b200-node14/wheel.sha256: OK
./numpy-download.log: OK
./pre-commit-m0.log: OK
./py311-base.log: OK
./py311-base.pip-check.txt: OK
./py311-base.pip-freeze.txt: OK
./py311-cpsat-deps-download.log: OK
./py311-cpsat-download.log: OK
./py311-cpsat-test.pip-check.txt: OK
./py311-cpsat-test.pip-freeze.txt: OK
./py311-cpsat-wheelhouse.txt: OK
./py311-cpsat.log: OK
./py311-cpsat.pip-check.txt: OK
./py311-cpsat.pip-freeze.txt: OK
./py311-test-download.log: OK
./py311-test-wheelhouse.txt: OK
./py311-test.log: OK
./py311-test.pip-check.txt: OK
./py311-test.pip-freeze.txt: OK
./py312-base.log: OK
./py312-base.pip-check.txt: OK
./py312-base.pip-freeze.txt: OK
./py312-cpsat-download.log: OK
./py312-cpsat-test.pip-check.txt: OK
./py312-cpsat-test.pip-freeze.txt: OK
./py312-cpsat-wheelhouse.txt: OK
./py312-cpsat.log: OK
./py312-cpsat.pip-check.txt: OK
./py312-cpsat.pip-freeze.txt: OK
./py312-test-download.log: OK
./py312-test-wheelhouse.txt: OK
./py312-test.log: OK
./py312-test.pip-check.txt: OK
./py312-test.pip-freeze.txt: OK
./python311-provision-uv.log: OK
./python311-provision.log: OK
./python311-uv-bootstrap.log: OK
./schema-meta.log: OK
./static-and-tests-py311.log: OK
./static-and-tests-py312.log: OK
./uv-download.log: OK
./uv-probe.log: OK
./wheel-build-final.log: OK
./wheel-build.log: OK
./wheel-contents.txt: OK
./wheel-metadata.txt: OK
./wheel-schema-boundary-final.txt: OK
./wheel-schema-boundary.log: OK
./wheel.sha256: OK
./wheel/tilefoundry_costmodel-2.0.0-py3-none-any.whl: OK
