costmodel/gate/m1/20260807T092506Z/README.md: OK
costmodel/gate/m1/20260807T092506Z/artifact-verification.log: OK
costmodel/gate/m1/20260807T092506Z/forward-reference-lint.log: OK
costmodel/gate/m1/20260807T092506Z/git-diff-check.log: OK
costmodel/gate/m1/20260807T092506Z/linux-b200-node14/cuda-py311.log: OK
costmodel/gate/m1/20260807T092506Z/linux-b200-node14/cuda-py312.log: OK
costmodel/gate/m1/20260807T092506Z/linux-b200-node14/host-gpu-environment.txt: OK
costmodel/gate/m1/20260807T092506Z/linux-b200-node14/py311-cpsat-test.log: OK
costmodel/gate/m1/20260807T092506Z/linux-b200-node14/py312-cpsat-test.log: OK
costmodel/gate/m1/20260807T092506Z/linux-b200-node14/wheel.sha256: OK
costmodel/gate/m1/20260807T092506Z/mypy-strict.log: OK
costmodel/gate/m1/20260807T092506Z/py311-base.log: OK
costmodel/gate/m1/20260807T092506Z/py311-cpsat-test.log: OK
costmodel/gate/m1/20260807T092506Z/py312-base.log: OK
costmodel/gate/m1/20260807T092506Z/py312-cpsat-test.log: OK
costmodel/gate/m1/20260807T092506Z/ruff-check.log: OK
costmodel/gate/m1/20260807T092506Z/ruff-format.log: OK
costmodel/gate/m1/20260807T092506Z/schema-validator.log: OK
costmodel/gate/m1/20260807T092506Z/source-tests.log: OK
costmodel/gate/m1/20260807T092506Z/verify-artifact.py: OK
costmodel/gate/m1/20260807T092506Z/verify-base-wheel.sh: OK
costmodel/gate/m1/20260807T092506Z/verify-cuda-wheel.sh: OK
costmodel/gate/m1/20260807T092506Z/verify-test-wheel.sh: OK
costmodel/gate/m1/20260807T092506Z/wheel-build.log: OK
costmodel/gate/m1/20260807T092506Z/wheel-contents.txt: OK
costmodel/gate/m1/20260807T092506Z/wheel-metadata.txt: OK
costmodel/gate/m1/20260807T092506Z/wheel.sha256: OK
costmodel/gate/m1/20260807T092506Z/wheel/tilefoundry_costmodel-2.0.0-py3-none-any.whl: OK
