Python 3.11.15
Processing ./costmodel/gate/m2/20260810T043650Z/wheel/tilefoundry_costmodel-2.0.0-py3-none-any.whl
Installing collected packages: tilefoundry-costmodel
Successfully installed tilefoundry-costmodel-2.0.0
No broken requirements found.
pip==24.0
setuptools==79.0.1
tilefoundry-costmodel @ file:///Users/mi/Desktop/b200_workspace/TileFoundry/costmodel/gate/m2/20260810T043650Z/wheel/tilefoundry_costmodel-2.0.0-py3-none-any.whl#sha256=d69725f1f0afdea1b08e810faaa98e3a0631eb2846f7a5dcf32cdbd31849e3f8
root=/tmp/tf-m2-20260810T043650Z-r3-py311-base/lib/python3.11/site-packages/tilefoundry_costmodel/__init__.py
version=2.0.0
new_optional_or_legacy_modules=[]
2.0.0
usage: tilefoundry-costmodel [-h] [--version]
                             {build,solve,search,profile,profiles} ...

TileFoundry B200 cost model

positional arguments:
  {build,solve,search,profile,profiles}
    build               build a replayable search problem
    solve               solve a replayable search problem
    search              build and solve a request
    profile             measure missing profiles on a local B200
    profiles            inspect profile snapshots

options:
  -h, --help            show this help message and exit
  --version             show program's version number and exit
module=/tmp/tf-m2-20260810T043650Z-r3-py311-base/lib/python3.11/site-packages/tilefoundry_costmodel/__init__.py
[{"configuration_id":"49da4435847adab630489ce377de207ee1550654f923fda47e3f88c1426d88b1","pipeline_depth":2,"profile_keys":["4cf5ccb05a64bc7f0946c93d9f5a0e5aa3d7d926932a1ad546f6ec1bafa4b9ad"],"slot_count":2,"static_units":1024},{"configuration_id":"c1c889609a813fe7653ec20478e54ad6dde2519c60d81b11647c746e5464a5e7","pipeline_depth":3,"profile_keys":["ffafc87a8b0fe273c8ca7a236cbcaaf10142802cfce5df919869088122db5ee6"],"slot_count":3,"static_units":1536},{"configuration_id":"d85524c7c534017944fa67c808934d96e269f401baacd7a0310e7cda40df2958","pipeline_depth":1,"profile_keys":["df7145599d1353681e6a2cf77e09f698701cbf7fd592db926fa7b8b78c3fb622"],"slot_count":1,"static_units":512}]
golden_sha256=1acaec7311fd9a1cb4795bf551693f4eaac5bdd333f06a146ae7007725bb72f7
import_boundary=PASS
