./README.md: OK
./artifact-verification.log: OK
./comment-hygiene.log: OK
./english-only.log: OK
./forward-reference-lint.log: OK
./frozen-boundary.log: OK
./frozen-manifest-digests.log: OK
./git-diff-check.log: OK
./golden-parity.log: OK
./mypy-strict.log: OK
./no-machine-paths.log: OK
./py311-base.log: OK
./py311-cpsat-test-golden.log: OK
./py311-cpsat-test.log: OK
./py311-golden.log: OK
./py312-base.log: OK
./py312-cpsat-test-golden.log: OK
./py312-cpsat-test.log: OK
./py312-golden.log: OK
./review-regressions.log: OK
./ruff-check.log: OK
./ruff-format.log: OK
./source-golden.log: OK
./source-tests.log: OK
./spec-refs-lint.log: OK
./spec-rules-lint.log: OK
./wheel-contents.txt: OK
./wheel-metadata.txt: OK
./wheel.sha256: OK
./wheel/tilefoundry_costmodel-2.0.0-py3-none-any.whl: OK
